src/jobs/worker.ts(65,39): error TS2353: Object literal may only specify known properties, and 'firstName' does not exist in type 'UserSelect<DefaultArgs>'.
src/jobs/worker.ts(75,11): error TS2322: Type '"TASK_OVERDUE"' is not assignable to type 'NotificationType | undefined'.
src/jobs/worker.ts(100,22): error TS2353: Object literal may only specify known properties, and 'role' does not exist in type 'ProjectMemberWhereInput'.
src/jobs/worker.ts(112,29): error TS2551: Property 'project' does not exist on type '{ status: TaskStatus; priority: TaskPriority; id: string; createdAt: Date; updatedAt: Date; description: string | null; title: string; dueDate: Date | null; ... 4 more ...; deletedAt: Date | null; }'. Did you mean 'projectId'?
src/jobs/worker.ts(112,50): error TS7006: Parameter 'm' implicitly has an 'any' type.
src/jobs/worker.ts(119,11): error TS2353: Object literal may only specify known properties, and 'userId' does not exist in type '(Without<NotificationCreateInput, NotificationUncheckedCreateInput> & NotificationUncheckedCreateInput) | (Without<...> & NotificationCreateInput)'.
src/jobs/worker.ts(145,11): error TS2322: Type '"DUE_DATE_REMINDER"' is not assignable to type 'NotificationType | undefined'.
src/jobs/worker.ts(162,7): error TS2322: Type '"DUE_DATE_REMINDER"' is not assignable to type 'NotificationType | undefined'.
src/middlewares/auth.middleware.ts(35,9): error TS2353: Object literal may only specify known properties, and 'firstName' does not exist in type 'UserSelect<DefaultArgs>'.
src/middlewares/auth.middleware.ts(49,23): error TS2339: Property 'firstName' does not exist on type '{ name: string; id: string; email: string; password: string; role: Role; isActive: boolean; createdAt: Date; updatedAt: Date; }'.
src/middlewares/auth.middleware.ts(50,22): error TS2339: Property 'lastName' does not exist on type '{ name: string; id: string; email: string; password: string; role: Role; isActive: boolean; createdAt: Date; updatedAt: Date; }'.
src/middlewares/errorHandler.ts(32,7): error TS2698: Spread types may only be created from object types.
src/services/activityLog.service.ts(21,39): error TS2353: Object literal may only specify known properties, and 'firstName' does not exist in type 'UserSelect<DefaultArgs>'.
src/services/activityLog.service.ts(52,37): error TS2353: Object literal may only specify known properties, and 'firstName' does not exist in type 'UserSelect<DefaultArgs>'.
src/services/analytics.service.ts(42,39): error TS2353: Object literal may only specify known properties, and 'firstName' does not exist in type 'UserSelect<DefaultArgs>'.
src/services/analytics.service.ts(78,27): error TS2353: Object literal may only specify known properties, and 'firstName' does not exist in type 'UserSelect<DefaultArgs>'.
src/services/analytics.service.ts(100,9): error TS2353: Object literal may only specify known properties, and 'color' does not exist in type 'ProjectSelect<DefaultArgs>'.
src/services/analytics.service.ts(110,23): error TS2339: Property 'tasks' does not exist on type '{ name: string; id: string; createdAt: Date; updatedAt: Date; description: string | null; isArchived: boolean; createdById: string; managerId: string | null; }'.
src/services/analytics.service.ts(111,22): error TS2339: Property 'tasks' does not exist on type '{ name: string; id: string; createdAt: Date; updatedAt: Date; description: string | null; isArchived: boolean; createdById: string; managerId: string | null; }'.
src/services/analytics.service.ts(111,36): error TS7006: Parameter 't' implicitly has an 'any' type.
src/services/analytics.service.ts(115,18): error TS2339: Property 'color' does not exist on type '{ name: string; id: string; createdAt: Date; updatedAt: Date; description: string | null; isArchived: boolean; createdById: string; managerId: string | null; }'.
src/services/auth.service.ts(10,14): error TS2769: No overload matches this call.
  Overload 1 of 5, '(payload: string | object | Buffer<ArrayBufferLike>, secretOrPrivateKey: null, options?: (SignOptions & { algorithm: "none"; }) | undefined): string', gave the following error.
    Argument of type 'string' is not assignable to parameter of type 'null'.
  Overload 2 of 5, '(payload: string | object | Buffer<ArrayBufferLike>, secretOrPrivateKey: Buffer<ArrayBufferLike> | Secret | PrivateKeyInput | JsonWebKeyInput, options?: SignOptions | undefined): string', gave the following error.
    Type 'string' is not assignable to type 'number | StringValue | undefined'.
  Overload 3 of 5, '(payload: string | object | Buffer<ArrayBufferLike>, secretOrPrivateKey: Buffer<ArrayBufferLike> | Secret | PrivateKeyInput | JsonWebKeyInput, callback: SignCallback): void', gave the following error.
    Object literal may only specify known properties, and 'expiresIn' does not exist in type 'SignCallback'.
src/services/auth.service.ts(16,14): error TS2769: No overload matches this call.
  Overload 1 of 5, '(payload: string | object | Buffer<ArrayBufferLike>, secretOrPrivateKey: null, options?: (SignOptions & { algorithm: "none"; }) | undefined): string', gave the following error.
    Argument of type 'string' is not assignable to parameter of type 'null'.
  Overload 2 of 5, '(payload: string | object | Buffer<ArrayBufferLike>, secretOrPrivateKey: Buffer<ArrayBufferLike> | Secret | PrivateKeyInput | JsonWebKeyInput, options?: SignOptions | undefined): string', gave the following error.
    Type 'string' is not assignable to type 'number | StringValue | undefined'.
  Overload 3 of 5, '(payload: string | object | Buffer<ArrayBufferLike>, secretOrPrivateKey: Buffer<ArrayBufferLike> | Secret | PrivateKeyInput | JsonWebKeyInput, callback: SignCallback): void', gave the following error.
    Object literal may only specify known properties, and 'expiresIn' does not exist in type 'SignCallback'.
src/services/auth.service.ts(40,9): error TS2353: Object literal may only specify known properties, and 'firstName' does not exist in type '(Without<UserCreateInput, UserUncheckedCreateInput> & UserUncheckedCreateInput) | (Without<...> & UserCreateInput)'.
src/services/auth.service.ts(47,9): error TS2353: Object literal may only specify known properties, and 'firstName' does not exist in type 'UserSelect<DefaultArgs>'.
src/services/auth.service.ts(95,25): error TS2339: Property 'firstName' does not exist on type '{ name: string; id: string; email: string; password: string; role: Role; isActive: boolean; createdAt: Date; updatedAt: Date; }'.
src/services/auth.service.ts(96,24): error TS2339: Property 'lastName' does not exist on type '{ name: string; id: string; email: string; password: string; role: Role; isActive: boolean; createdAt: Date; updatedAt: Date; }'.
src/services/auth.service.ts(98,22): error TS2339: Property 'avatar' does not exist on type '{ name: string; id: string; email: string; password: string; role: Role; isActive: boolean; createdAt: Date; updatedAt: Date; }'.
src/services/comment.service.ts(17,37): error TS2353: Object literal may only specify known properties, and 'firstName' does not exist in type 'UserSelect<DefaultArgs>'.
src/services/comment.service.ts(38,39): error TS2353: Object literal may only specify known properties, and 'firstName' does not exist in type 'UserSelect<DefaultArgs>'.
src/services/notification.service.ts(11,41): error TS2322: Type '{ type: string; title: string; message: string; userId: string; data?: Record<string, unknown> | undefined; }' is not assignable to type '(Without<NotificationCreateInput, NotificationUncheckedCreateInput> & NotificationUncheckedCreateInput) | (Without<...> & NotificationCreateInput)'.
  Type '{ type: string; title: string; message: string; userId: string; data?: Record<string, unknown> | undefined; }' is not assignable to type 'Without<NotificationUncheckedCreateInput, NotificationCreateInput> & NotificationCreateInput'.
    Property 'recipient' is missing in type '{ type: string; title: string; message: string; userId: string; data?: Record<string, unknown> | undefined; }' but required in type 'NotificationCreateInput'.
src/services/notification.service.ts(18,18): error TS2353: Object literal may only specify known properties, and 'userId' does not exist in type 'NotificationWhereInput'.
src/services/notification.service.ts(23,44): error TS2353: Object literal may only specify known properties, and 'userId' does not exist in type 'NotificationWhereInput'.
src/services/notification.service.ts(24,44): error TS2353: Object literal may only specify known properties, and 'userId' does not exist in type 'NotificationWhereInput'.
src/services/notification.service.ts(31,20): error TS2353: Object literal may only specify known properties, and 'userId' does not exist in type 'NotificationWhereInput'.
src/services/notification.service.ts(38,16): error TS2353: Object literal may only specify known properties, and 'userId' does not exist in type 'NotificationWhereInput'.
src/services/project.service.ts(18,35): error TS2353: Object literal may only specify known properties, and 'firstName' does not exist in type 'UserSelect<DefaultArgs>'.
src/services/project.service.ts(36,35): error TS2353: Object literal may only specify known properties, and 'firstName' does not exist in type 'UserSelect<DefaultArgs>'.
src/services/project.service.ts(39,22): error TS2353: Object literal may only specify known properties, and 'position' does not exist in type 'TaskOrderByWithRelationInput | TaskOrderByWithRelationInput[]'.
src/services/project.service.ts(44,35): error TS2353: Object literal may only specify known properties, and 'firstName' does not exist in type 'UserSelect<DefaultArgs>'.
src/services/project.service.ts(60,29): error TS2353: Object literal may only specify known properties, and 'role' does not exist in type '(Without<ProjectMemberCreateWithoutProjectInput, ProjectMemberUncheckedCreateWithoutProjectInput> & ProjectMemberUncheckedCreateWithoutProjectInput) | ProjectMemberCreateWithoutProjectInput[] | ProjectMemberUncheckedCreateWithoutProjectInput[]'.
src/services/project.service.ts(73,16): error TS2353: Object literal may only specify known properties, and 'userId_projectId' does not exist in type 'ProjectMemberWhereUniqueInput'.
src/services/project.service.ts(78,34): error TS2353: Object literal may only specify known properties, and 'role' does not exist in type 'Without<ProjectMemberCreateInput, ProjectMemberUncheckedCreateInput> & ProjectMemberUncheckedCreateInput'.
src/services/project.service.ts(80,37): error TS2353: Object literal may only specify known properties, and 'firstName' does not exist in type 'UserSelect<DefaultArgs>'.
src/services/task.service.ts(32,35): error TS2353: Object literal may only specify known properties, and 'firstName' does not exist in type 'UserSelect<DefaultArgs>'.
src/services/task.service.ts(33,46): error TS2353: Object literal may only specify known properties, and 'color' does not exist in type 'ProjectSelect<DefaultArgs>'.
src/services/task.service.ts(34,36): error TS2353: Object literal may only specify known properties, and 'firstName' does not exist in type 'UserSelect<DefaultArgs>'.
src/services/task.service.ts(45,5): error TS2322: Type '"position"' is not assignable to type 'keyof TaskOrderByWithRelationInput'.
src/services/task.service.ts(146,41): error TS2353: Object literal may only specify known properties, and 'firstName' does not exist in type 'UserSelect<DefaultArgs>'.
src/services/task.service.ts(152,41): error TS2353: Object literal may only specify known properties, and 'firstName' does not exist in type 'UserSelect<DefaultArgs>'.
src/services/task.service.ts(202,11): error TS2353: Object literal may only specify known properties, and 'details' does not exist in type 'Without<ActivityLogCreateInput, ActivityLogUncheckedCreateInput> & ActivityLogUncheckedCreateInput'.
src/services/task.service.ts(216,13): error TS2353: Object literal may only specify known properties, and 'userId' does not exist in type 'Without<NotificationCreateInput, NotificationUncheckedCreateInput> & NotificationUncheckedCreateInput'.
src/services/task.service.ts(283,11): error TS2353: Object literal may only specify known properties, and 'details' does not exist in type 'Without<ActivityLogCreateInput, ActivityLogUncheckedCreateInput> & ActivityLogUncheckedCreateInput'.
src/services/task.service.ts(304,13): error TS2353: Object literal may only specify known properties, and 'userId' does not exist in type 'Without<NotificationCreateInput, NotificationUncheckedCreateInput> & NotificationUncheckedCreateInput'.
src/services/task.service.ts(317,13): error TS2353: Object literal may only specify known properties, and 'userId' does not exist in type 'Without<NotificationCreateInput, NotificationUncheckedCreateInput> & NotificationUncheckedCreateInput'.
src/services/task.service.ts(335,46): error TS2345: Argument of type 'Role' is not assignable to parameter of type '"ADMIN" | "MANAGER"'.
  Type '"EMPLOYEE"' is not assignable to type '"ADMIN" | "MANAGER"'.
src/services/task.service.ts(374,11): error TS2353: Object literal may only specify known properties, and 'details' does not exist in type 'Without<ActivityLogCreateInput, ActivityLogUncheckedCreateInput> & ActivityLogUncheckedCreateInput'.
src/services/task.service.ts(386,41): error TS2353: Object literal may only specify known properties, and 'firstName' does not exist in type 'UserSelect<DefaultArgs>'.
src/services/task.service.ts(387,42): error TS2353: Object literal may only specify known properties, and 'firstName' does not exist in type 'UserSelect<DefaultArgs>'.
src/services/task.service.ts(390,38): error TS2353: Object literal may only specify known properties, and 'position' does not exist in type 'TaskOrderByWithRelationInput'.
src/services/task.service.ts(403,52): error TS2353: Object literal may only specify known properties, and 'color' does not exist in type 'ProjectSelect<DefaultArgs>'.
src/services/user.service.ts(16,11): error TS2353: Object literal may only specify known properties, and 'firstName' does not exist in type 'UserSelect<DefaultArgs>'.
src/services/user.service.ts(37,9): error TS2353: Object literal may only specify known properties, and 'firstName' does not exist in type 'UserSelect<DefaultArgs>'.
src/services/user.service.ts(62,7): error TS2322: Type '{ password: string; email: string; firstName: string; lastName: string; role?: Role; }' is not assignable to type '(Without<UserCreateInput, UserUncheckedCreateInput> & UserUncheckedCreateInput) | (Without<...> & UserCreateInput)'.
  Type '{ password: string; email: string; firstName: string; lastName: string; role?: Role; }' is not assignable to type 'Without<UserUncheckedCreateInput, UserCreateInput> & UserCreateInput'.
    Property 'name' is missing in type '{ password: string; email: string; firstName: string; lastName: string; role?: Role; }' but required in type 'UserCreateInput'.
src/services/user.service.ts(66,9): error TS2353: Object literal may only specify known properties, and 'firstName' does not exist in type 'UserSelect<DefaultArgs>'.
src/services/user.service.ts(81,9): error TS2353: Object literal may only specify known properties, and 'firstName' does not exist in type 'UserSelect<DefaultArgs>'.
